AXN Asia Taiwan (1080p),http://125.227.210.55:4050/VideoInput/play.ts
Beautiful Life TV,https://5ddce30eb4b55.streamlock.net/bltvhd/bltv1/playlist.m3u8
CGNTV Chinese (1080p),https://d3e05csss9c272.cloudfront.net/out/v1/f0bf71c57581470fb9379f603e8f5d83/CGNWebLiveCN.m3u8
CTi Variety (720p),http://23.237.10.66:16372
CTS (1080p),rtmp://59.124.75.138:1935/sat/tv111
CTS News [Geo-blocked],http://seb.sason.top/sc/hsxw_fhd.m3u8
DaAi 1 (720p),https://pulltv1.wanfudaluye.com/live/tv1.m3u8
DaAi 2 (1080p),http://nmk.ioapk.com:5050/4gtv-live106/index.m3u8
Dali TV (720p),http://www.dalitv.com.tw:4568/live/dali/index.m3u8
EBC Financial News (1080p) [Not 24/7],http://seb.sason.top/sc/dscjxw_fhd.m3u8
EBC News (1080p) [Not 24/7],http://seb.sason.top/sc/dsxw_fhd.m3u8
FTV (Taiwan) (720p) [Not 24/7],http://seb.sason.top/ptv/ftv.php?id=ms
FTV One (720p) [Not 24/7],http://seb.sason.top/ptv/ftv.php?id=dy
Good 2 (720p),https://live.streamingfast.net/osmflivech2.m3u8
Good TV (Taiwan) (720p) [Not 24/7],https://live.streamingfast.net/osmflivech1.m3u8
Hakka TV,https://h5cul1yar48um3t.wcetv.com/hls/hakkatv.m3u8
Indigenous TV (720p),http://streamipcf.akamaized.net/live/_definst_/smil:liveabr.smil/playlist.m3u8
MOMO TV (1080p),http://nmk.ioapk.com:5050/4gtv-live107/index.m3u8
NTD TV Asia-Pacific,https://live.ntdtv.com/aplive200/playlist.m3u8
SET News (1080p) [Geo-blocked],http://seb.sason.top/sc/sllive_fhd.m3u8
Supreme Master TV (720p),https://lbs-us1.suprememastertv.com/720p.m3u8
Taiwan Indigenous TV (720p),https://streamipcfapp.akamaized.net/live/_definst_/live_720/key_b1500.m3u8
TTV (720p),http://162.19.247.76:22222/live/taishi/index.m3u8
TVBS News [Geo-blocked],http://seb.sason.top/sc/tvbsxw_fhd.m3u8
TVBS-Asia (1080p),http://38.64.72.148/hls/modn/list/4005/playlist.m3u8
WXTV (480p),https://mobile.ccdntech.com/transcoder/_definst_/vod164_Live/live/chunklist_w1177047531.m3u8
