Category: 央视频道, Name: CCTV-1, Total: 220, Valid: 2, Valid Percent: 0.91%, Whitelist: 0, IPv4: 0, IPv6: 220, Min Delay: 123 ms, Max Speed: 36.32 M/s, Avg Speed: 35.86 M/s, Max Resolution: None
Category: 央视频道, Name: CCTV-2, Total: 192, Valid: 0, Valid Percent: 0.00%, Whitelist: 0, IPv4: 0, IPv6: 192, Min Delay: -1 ms, Max Speed: 0.00 M/s, Avg Speed: 0.00 M/s, Max Resolution: None
Category: 央视频道, Name: CCTV-3, Total: 168, Valid: 0, Valid Percent: 0.00%, Whitelist: 0, IPv4: 0, IPv6: 168, Min Delay: -1 ms, Max Speed: 0.00 M/s, Avg Speed: 0.00 M/s, Max Resolution: None
Category: 央视频道, Name: CCTV-4, Total: 262, Valid: 1, Valid Percent: 0.38%, Whitelist: 0, IPv4: 0, IPv6: 262, Min Delay: 10 ms, Max Speed: 73.97 M/s, Avg Speed: 73.97 M/s, Max Resolution: 2252x1080
Category: 央视频道, Name: CCTV-5, Total: 243, Valid: 0, Valid Percent: 0.00%, Whitelist: 0, IPv4: 0, IPv6: 243, Min Delay: -1 ms, Max Speed: 0.00 M/s, Avg Speed: 0.00 M/s, Max Resolution: None
Category: 央视频道, Name: CCTV-5+, Total: 121, Valid: 0, Valid Percent: 0.00%, Whitelist: 0, IPv4: 0, IPv6: 121, Min Delay: -1 ms, Max Speed: 0.00 M/s, Avg Speed: 0.00 M/s, Max Resolution: None
Category: 央视频道, Name: CCTV-6, Total: 173, Valid: 0, Valid Percent: 0.00%, Whitelist: 0, IPv4: 0, IPv6: 173, Min Delay: -1 ms, Max Speed: 0.00 M/s, Avg Speed: 0.00 M/s, Max Resolution: None
Category: 央视频道, Name: CCTV-7, Total: 175, Valid: 0, Valid Percent: 0.00%, Whitelist: 0, IPv4: 0, IPv6: 175, Min Delay: -1 ms, Max Speed: 0.00 M/s, Avg Speed: 0.00 M/s, Max Resolution: None
Category: 央视频道, Name: CCTV-8, Total: 160, Valid: 0, Valid Percent: 0.00%, Whitelist: 0, IPv4: 0, IPv6: 160, Min Delay: -1 ms, Max Speed: 0.00 M/s, Avg Speed: 0.00 M/s, Max Resolution: None
Category: 央视频道, Name: CCTV-9, Total: 167, Valid: 0, Valid Percent: 0.00%, Whitelist: 0, IPv4: 0, IPv6: 167, Min Delay: -1 ms, Max Speed: 0.00 M/s, Avg Speed: 0.00 M/s, Max Resolution: None
Category: 央视频道, Name: CCTV-10, Total: 174, Valid: 0, Valid Percent: 0.00%, Whitelist: 0, IPv4: 0, IPv6: 174, Min Delay: -1 ms, Max Speed: 0.00 M/s, Avg Speed: 0.00 M/s, Max Resolution: None
Category: 央视频道, Name: CCTV-11, Total: 168, Valid: 0, Valid Percent: 0.00%, Whitelist: 0, IPv4: 0, IPv6: 168, Min Delay: -1 ms, Max Speed: 0.00 M/s, Avg Speed: 0.00 M/s, Max Resolution: None
Category: 央视频道, Name: CCTV-12, Total: 178, Valid: 0, Valid Percent: 0.00%, Whitelist: 0, IPv4: 0, IPv6: 178, Min Delay: -1 ms, Max Speed: 0.00 M/s, Avg Speed: 0.00 M/s, Max Resolution: None
Category: 央视频道, Name: CCTV-13, Total: 251, Valid: 2, Valid Percent: 0.80%, Whitelist: 0, IPv4: 0, IPv6: 251, Min Delay: 1537 ms, Max Speed: 1.09 M/s, Avg Speed: 0.65 M/s, Max Resolution: None
Category: 央视频道, Name: CCTV-14, Total: 175, Valid: 1, Valid Percent: 0.57%, Whitelist: 0, IPv4: 0, IPv6: 175, Min Delay: 2375 ms, Max Speed: 1.20 M/s, Avg Speed: 1.20 M/s, Max Resolution: None
Category: 央视频道, Name: CCTV-15, Total: 171, Valid: 0, Valid Percent: 0.00%, Whitelist: 0, IPv4: 0, IPv6: 171, Min Delay: -1 ms, Max Speed: 0.00 M/s, Avg Speed: 0.00 M/s, Max Resolution: None
Category: 央视频道, Name: CCTV-16, Total: 97, Valid: 1, Valid Percent: 1.03%, Whitelist: 0, IPv4: 2, IPv6: 95, Min Delay: 56 ms, Max Speed: 131.17 M/s, Avg Speed: 131.17 M/s, Max Resolution: 1920x1080
Category: 央视频道, Name: CCTV-17, Total: 158, Valid: 1, Valid Percent: 0.63%, Whitelist: 0, IPv4: 1, IPv6: 157, Min Delay: 106 ms, Max Speed: 72.54 M/s, Avg Speed: 72.54 M/s, Max Resolution: 1920x1080
Category: 央视频道, Name: CCTV-4欧洲, Total: 117, Valid: 0, Valid Percent: 0.00%, Whitelist: 0, IPv4: 0, IPv6: 117, Min Delay: -1 ms, Max Speed: 0.00 M/s, Avg Speed: 0.00 M/s, Max Resolution: None
Category: 央视频道, Name: CCTV-4美洲, Total: 115, Valid: 0, Valid Percent: 0.00%, Whitelist: 0, IPv4: 0, IPv6: 115, Min Delay: -1 ms, Max Speed: 0.00 M/s, Avg Speed: 0.00 M/s, Max Resolution: None
Category: 卫视频道, Name: 广东卫视, Total: 558, Valid: 0, Valid Percent: 0.00%, Whitelist: 0, IPv4: 0, IPv6: 558, Min Delay: -1 ms, Max Speed: 0.00 M/s, Avg Speed: 0.00 M/s, Max Resolution: None
Category: 卫视频道, Name: 香港卫视, Total: 15, Valid: 0, Valid Percent: 0.00%, Whitelist: 0, IPv4: 0, IPv6: 15, Min Delay: -1 ms, Max Speed: 0.00 M/s, Avg Speed: 0.00 M/s, Max Resolution: None
Category: 卫视频道, Name: 浙江卫视, Total: 545, Valid: 0, Valid Percent: 0.00%, Whitelist: 0, IPv4: 0, IPv6: 545, Min Delay: -1 ms, Max Speed: 0.00 M/s, Avg Speed: 0.00 M/s, Max Resolution: None
Category: 卫视频道, Name: 湖南卫视, Total: 537, Valid: 0, Valid Percent: 0.00%, Whitelist: 0, IPv4: 0, IPv6: 537, Min Delay: -1 ms, Max Speed: 0.00 M/s, Avg Speed: 0.00 M/s, Max Resolution: None
Category: 卫视频道, Name: 北京卫视, Total: 556, Valid: 0, Valid Percent: 0.00%, Whitelist: 0, IPv4: 0, IPv6: 556, Min Delay: -1 ms, Max Speed: 0.00 M/s, Avg Speed: 0.00 M/s, Max Resolution: None
Category: 卫视频道, Name: 湖北卫视, Total: 499, Valid: 0, Valid Percent: 0.00%, Whitelist: 0, IPv4: 0, IPv6: 499, Min Delay: -1 ms, Max Speed: 0.00 M/s, Avg Speed: 0.00 M/s, Max Resolution: None
Category: 卫视频道, Name: 黑龙江卫视, Total: 477, Valid: 0, Valid Percent: 0.00%, Whitelist: 0, IPv4: 0, IPv6: 477, Min Delay: -1 ms, Max Speed: 0.00 M/s, Avg Speed: 0.00 M/s, Max Resolution: None
Category: 卫视频道, Name: 安徽卫视, Total: 465, Valid: 0, Valid Percent: 0.00%, Whitelist: 0, IPv4: 0, IPv6: 465, Min Delay: -1 ms, Max Speed: 0.00 M/s, Avg Speed: 0.00 M/s, Max Resolution: None
Category: 卫视频道, Name: 重庆卫视, Total: 473, Valid: 0, Valid Percent: 0.00%, Whitelist: 0, IPv4: 0, IPv6: 473, Min Delay: -1 ms, Max Speed: 0.00 M/s, Avg Speed: 0.00 M/s, Max Resolution: None
Category: 卫视频道, Name: 东方卫视, Total: 528, Valid: 0, Valid Percent: 0.00%, Whitelist: 0, IPv4: 0, IPv6: 528, Min Delay: -1 ms, Max Speed: 0.00 M/s, Avg Speed: 0.00 M/s, Max Resolution: None
Category: 卫视频道, Name: 东南卫视, Total: 466, Valid: 1, Valid Percent: 0.21%, Whitelist: 0, IPv4: 0, IPv6: 466, Min Delay: 2586 ms, Max Speed: 1.78 M/s, Avg Speed: 1.78 M/s, Max Resolution: 1920x1080
Category: 卫视频道, Name: 甘肃卫视, Total: 341, Valid: 0, Valid Percent: 0.00%, Whitelist: 0, IPv4: 0, IPv6: 341, Min Delay: -1 ms, Max Speed: 0.00 M/s, Avg Speed: 0.00 M/s, Max Resolution: None
Category: 卫视频道, Name: 广西卫视, Total: 387, Valid: 3, Valid Percent: 0.78%, Whitelist: 0, IPv4: 1, IPv6: 386, Min Delay: 716 ms, Max Speed: 6.33 M/s, Avg Speed: 3.39 M/s, Max Resolution: 1920x1080
Category: 卫视频道, Name: 贵州卫视, Total: 437, Valid: 0, Valid Percent: 0.00%, Whitelist: 0, IPv4: 0, IPv6: 437, Min Delay: -1 ms, Max Speed: 0.00 M/s, Avg Speed: 0.00 M/s, Max Resolution: None
Category: 卫视频道, Name: 海南卫视, Total: 459, Valid: 0, Valid Percent: 0.00%, Whitelist: 0, IPv4: 0, IPv6: 459, Min Delay: -1 ms, Max Speed: 0.00 M/s, Avg Speed: 0.00 M/s, Max Resolution: None
Category: 卫视频道, Name: 河北卫视, Total: 474, Valid: 1, Valid Percent: 0.21%, Whitelist: 0, IPv4: 0, IPv6: 474, Min Delay: 2448 ms, Max Speed: 0.51 M/s, Avg Speed: 0.51 M/s, Max Resolution: None
Category: 卫视频道, Name: 河南卫视, Total: 498, Valid: 0, Valid Percent: 0.00%, Whitelist: 0, IPv4: 0, IPv6: 498, Min Delay: -1 ms, Max Speed: 0.00 M/s, Avg Speed: 0.00 M/s, Max Resolution: None
Category: 卫视频道, Name: 吉林卫视, Total: 456, Valid: 0, Valid Percent: 0.00%, Whitelist: 0, IPv4: 0, IPv6: 456, Min Delay: -1 ms, Max Speed: 0.00 M/s, Avg Speed: 0.00 M/s, Max Resolution: None
Category: 卫视频道, Name: 江苏卫视, Total: 565, Valid: 0, Valid Percent: 0.00%, Whitelist: 0, IPv4: 0, IPv6: 565, Min Delay: -1 ms, Max Speed: 0.00 M/s, Avg Speed: 0.00 M/s, Max Resolution: None
Category: 卫视频道, Name: 江西卫视, Total: 520, Valid: 1, Valid Percent: 0.19%, Whitelist: 0, IPv4: 1, IPv6: 519, Min Delay: 80 ms, Max Speed: 100.84 M/s, Avg Speed: 100.84 M/s, Max Resolution: 1920x1080
Category: 卫视频道, Name: 辽宁卫视, Total: 517, Valid: 0, Valid Percent: 0.00%, Whitelist: 0, IPv4: 0, IPv6: 517, Min Delay: -1 ms, Max Speed: 0.00 M/s, Avg Speed: 0.00 M/s, Max Resolution: None
Category: 卫视频道, Name: 内蒙古卫视, Total: 299, Valid: 1, Valid Percent: 0.33%, Whitelist: 0, IPv4: 1, IPv6: 298, Min Delay: 53 ms, Max Speed: 142.37 M/s, Avg Speed: 142.37 M/s, Max Resolution: 1920x1080
Category: 卫视频道, Name: 宁夏卫视, Total: 337, Valid: 1, Valid Percent: 0.30%, Whitelist: 0, IPv4: 1, IPv6: 336, Min Delay: 57 ms, Max Speed: 121.73 M/s, Avg Speed: 121.73 M/s, Max Resolution: 1920x1080
Category: 卫视频道, Name: 青海卫视, Total: 410, Valid: 0, Valid Percent: 0.00%, Whitelist: 0, IPv4: 0, IPv6: 410, Min Delay: -1 ms, Max Speed: 0.00 M/s, Avg Speed: 0.00 M/s, Max Resolution: None
Category: 卫视频道, Name: 山东卫视, Total: 455, Valid: 0, Valid Percent: 0.00%, Whitelist: 0, IPv4: 0, IPv6: 455, Min Delay: -1 ms, Max Speed: 0.00 M/s, Avg Speed: 0.00 M/s, Max Resolution: None
Category: 卫视频道, Name: 山西卫视, Total: 27, Valid: 1, Valid Percent: 3.70%, Whitelist: 0, IPv4: 0, IPv6: 27, Min Delay: 3003 ms, Max Speed: 0.10 M/s, Avg Speed: 0.10 M/s, Max Resolution: None
Category: 卫视频道, Name: 陕西卫视, Total: 75, Valid: 0, Valid Percent: 0.00%, Whitelist: 0, IPv4: 0, IPv6: 75, Min Delay: -1 ms, Max Speed: 0.00 M/s, Avg Speed: 0.00 M/s, Max Resolution: None
Category: 卫视频道, Name: 四川卫视, Total: 452, Valid: 1, Valid Percent: 0.22%, Whitelist: 0, IPv4: 1, IPv6: 451, Min Delay: 109 ms, Max Speed: 77.07 M/s, Avg Speed: 77.07 M/s, Max Resolution: 1920x1080
Category: 卫视频道, Name: 深圳卫视, Total: 461, Valid: 0, Valid Percent: 0.00%, Whitelist: 0, IPv4: 0, IPv6: 461, Min Delay: -1 ms, Max Speed: 0.00 M/s, Avg Speed: 0.00 M/s, Max Resolution: None
Category: 卫视频道, Name: 三沙卫视, Total: 273, Valid: 0, Valid Percent: 0.00%, Whitelist: 0, IPv4: 0, IPv6: 273, Min Delay: -1 ms, Max Speed: 0.00 M/s, Avg Speed: 0.00 M/s, Max Resolution: None
Category: 卫视频道, Name: 天津卫视, Total: 485, Valid: 1, Valid Percent: 0.21%, Whitelist: 0, IPv4: 1, IPv6: 484, Min Delay: 746 ms, Max Speed: 6.41 M/s, Avg Speed: 6.41 M/s, Max Resolution: 1920x1080
Category: 卫视频道, Name: 西藏卫视, Total: 297, Valid: 1, Valid Percent: 0.34%, Whitelist: 0, IPv4: 1, IPv6: 296, Min Delay: 136 ms, Max Speed: 57.36 M/s, Avg Speed: 57.36 M/s, Max Resolution: 1920x1080
Category: 卫视频道, Name: 新疆卫视, Total: 315, Valid: 1, Valid Percent: 0.32%, Whitelist: 0, IPv4: 1, IPv6: 314, Min Delay: 76 ms, Max Speed: 106.08 M/s, Avg Speed: 106.08 M/s, Max Resolution: 1920x1080
Category: 卫视频道, Name: 云南卫视, Total: 388, Valid: 0, Valid Percent: 0.00%, Whitelist: 0, IPv4: 0, IPv6: 388, Min Delay: -1 ms, Max Speed: 0.00 M/s, Avg Speed: 0.00 M/s, Max Resolution: None
Category: 港·澳·台, Name: 翡翠台, Total: 222, Valid: 14, Valid Percent: 6.31%, Whitelist: 0, IPv4: 3, IPv6: 219, Min Delay: 11 ms, Max Speed: 103.33 M/s, Avg Speed: 36.81 M/s, Max Resolution: 3840x2160
Category: 港·澳·台, Name: 明珠台, Total: 103, Valid: 6, Valid Percent: 5.83%, Whitelist: 0, IPv4: 0, IPv6: 103, Min Delay: 12 ms, Max Speed: 60.99 M/s, Avg Speed: 27.55 M/s, Max Resolution: 2252x1080
Category: 港·澳·台, Name: 凤凰中文, Total: 187, Valid: 8, Valid Percent: 4.28%, Whitelist: 0, IPv4: 1, IPv6: 186, Min Delay: 10 ms, Max Speed: 80.23 M/s, Avg Speed: 66.97 M/s, Max Resolution: 2252x1080
Category: 港·澳·台, Name: 凤凰资讯, Total: 198, Valid: 9, Valid Percent: 4.55%, Whitelist: 0, IPv4: 1, IPv6: 197, Min Delay: 11 ms, Max Speed: 75.71 M/s, Avg Speed: 52.24 M/s, Max Resolution: 2252x1080
Category: 港·澳·台, Name: 凤凰香港, Total: 133, Valid: 7, Valid Percent: 5.26%, Whitelist: 0, IPv4: 1, IPv6: 132, Min Delay: 11 ms, Max Speed: 66.68 M/s, Avg Speed: 55.09 M/s, Max Resolution: 2252x1080
Category: 港·澳·台, Name: 凤凰卫视, Total: 14, Valid: 2, Valid Percent: 14.29%, Whitelist: 0, IPv4: 1, IPv6: 13, Min Delay: 45 ms, Max Speed: 124.57 M/s, Avg Speed: 82.21 M/s, Max Resolution: 1920x1080
Category: 港·澳·台, Name: 澳视澳门, Total: 49, Valid: 6, Valid Percent: 12.24%, Whitelist: 0, IPv4: 0, IPv6: 49, Min Delay: 71 ms, Max Speed: 46.03 M/s, Avg Speed: 41.58 M/s, Max Resolution: None
Category: 港·澳·台, Name: 澳亚卫视, Total: 2, Valid: 0, Valid Percent: 0.00%, Whitelist: 0, IPv4: 0, IPv6: 2, Min Delay: -1 ms, Max Speed: 0.00 M/s, Avg Speed: 0.00 M/s, Max Resolution: None
Category: 港·澳·台, Name: TVBS亚洲, Total: 31, Valid: 1, Valid Percent: 3.23%, Whitelist: 0, IPv4: 0, IPv6: 31, Min Delay: 470 ms, Max Speed: 6.44 M/s, Avg Speed: 6.44 M/s, Max Resolution: 1920x1080
Category: 港·澳·台, Name: 三立台湾, Total: 9, Valid: 0, Valid Percent: 0.00%, Whitelist: 0, IPv4: 0, IPv6: 9, Min Delay: -1 ms, Max Speed: 0.00 M/s, Avg Speed: 0.00 M/s, Max Resolution: None
Category: 港·澳·台, Name: 三立新闻, Total: 6, Valid: 2, Valid Percent: 33.33%, Whitelist: 0, IPv4: 0, IPv6: 6, Min Delay: 11 ms, Max Speed: 76.89 M/s, Avg Speed: 39.17 M/s, Max Resolution: 2252x1080
Category: 港·澳·台, Name: 东森综合, Total: 8, Valid: 0, Valid Percent: 0.00%, Whitelist: 0, IPv4: 0, IPv6: 8, Min Delay: -1 ms, Max Speed: 0.00 M/s, Avg Speed: 0.00 M/s, Max Resolution: None
Category: 港·澳·台, Name: 东森超视, Total: 29, Valid: 1, Valid Percent: 3.45%, Whitelist: 0, IPv4: 0, IPv6: 29, Min Delay: 11 ms, Max Speed: 75.90 M/s, Avg Speed: 75.90 M/s, Max Resolution: 2252x1080
Category: 港·澳·台, Name: 东森电影, Total: 45, Valid: 1, Valid Percent: 2.22%, Whitelist: 0, IPv4: 0, IPv6: 45, Min Delay: 10 ms, Max Speed: 77.34 M/s, Avg Speed: 77.34 M/s, Max Resolution: 2252x1080
Category: 港·澳·台, Name: 星卫娱乐, Total: 2, Valid: 0, Valid Percent: 0.00%, Whitelist: 0, IPv4: 0, IPv6: 2, Min Delay: -1 ms, Max Speed: 0.00 M/s, Avg Speed: 0.00 M/s, Max Resolution: None
